[INFO] Scanning for projects...
[INFO] 
[INFO] -----------------< com.meli.challenge:meli-challenge >------------------
[INFO] Building MercadoLibre Challenge 1.0.0-SNAPSHOT
[INFO]   from pom.xml
[INFO] --------------------------------[ jar ]---------------------------------
[INFO] 
[INFO] --- resources:3.4.0:resources (default-resources) @ meli-challenge ---
[INFO] Copying 1 resource from src\main\resources to target\classes
[INFO] 
[INFO] --- compiler:3.13.0:compile (default-compile) @ meli-challenge ---
[INFO] Nothing to compile - all classes are up to date.
[INFO] 
[INFO] --- resources:3.4.0:testResources (default-testResources) @ meli-challenge ---
[INFO] skip non existing resourceDirectory C:\Users\sebas\.gemini\antigravity\scratch\meli-challenge\src\test\resources
[INFO] 
[INFO] --- compiler:3.13.0:testCompile (default-testCompile) @ meli-challenge ---
[INFO] Nothing to compile - all classes are up to date.
[INFO] 
[INFO] --- surefire:3.2.5:test (default-test) @ meli-challenge ---
Downloading from central: https://repo.maven.apache.org/maven2/org/apache/maven/surefire/maven-surefire-common/3.2.5/maven-surefire-common-3.2.5.pom
Progress (1): 834 BProgress (1): 2.3 kBProgress (1): 5.6 kBProgress (1): 6.2 kB                    Downloaded from central: https://repo.maven.apache.org/maven2/org/apache/maven/surefire/maven-surefire-common/3.2.5/maven-surefire-common-3.2.5.pom (6.2 kB at 16 kB/s)
Downloading from central: https://repo.maven.apache.org/maven2/org/apache/maven/surefire/surefire-api/3.2.5/surefire-api-3.2.5.pom
Progress (1): 843 BProgress (1): 2.1 kBProgress (1): 3.5 kB                    Downloaded from central: https://repo.maven.apache.org/maven2/org/apache/maven/surefire/surefire-api/3.2.5/surefire-api-3.2.5.pom (3.5 kB at 36 kB/s)
Downloading from central: https://repo.maven.apache.org/maven2/org/apache/maven/surefire/surefire-logger-api/3.2.5/surefire-logger-api-3.2.5.pom
Progress (1): 834 BProgress (1): 1.8 kBProgress (1): 3.3 kB                    Downloaded from central: https://repo.maven.apache.org/maven2/org/apache/maven/surefire/surefire-logger-api/3.2.5/surefire-logger-api-3.2.5.pom (3.3 kB at 35 kB/s)
Downloading from central: https://repo.maven.apache.org/maven2/org/apache/maven/surefire/surefire-shared-utils/3.2.5/surefire-shared-utils-3.2.5.pom
Progress (1): 1.1 kBProgress (1): 3.4 kBProgress (1): 4.1 kB                    Downloaded from central: https://repo.maven.apache.org/maven2/org/apache/maven/surefire/surefire-shared-utils/3.2.5/surefire-shared-utils-3.2.5.pom (4.1 kB at 43 kB/s)
Downloading from central: https://repo.maven.apache.org/maven2/org/apache/maven/surefire/surefire-extensions-api/3.2.5/surefire-extensions-api-3.2.5.pom
Progress (1): 842 BProgress (1): 2.2 kBProgress (1): 3.3 kB                    Downloaded from central: https://repo.maven.apache.org/maven2/org/apache/maven/surefire/surefire-extensions-api/3.2.5/surefire-extensions-api-3.2.5.pom (3.3 kB at 34 kB/s)
Downloading from central: https://repo.maven.apache.org/maven2/org/apache/maven/surefire/surefire-booter/3.2.5/surefire-booter-3.2.5.pom
Progress (1): 834 BProgress (1): 2.1 kBProgress (1): 4.5 kB                    Downloaded from central: https://repo.maven.apache.org/maven2/org/apache/maven/surefire/surefire-booter/3.2.5/surefire-booter-3.2.5.pom (4.5 kB at 47 kB/s)
Downloading from central: https://repo.maven.apache.org/maven2/org/apache/maven/surefire/surefire-extensions-spi/3.2.5/surefire-extensions-spi-3.2.5.pom
Progress (1): 878 BProgress (1): 1.8 kB                    Downloaded from central: https://repo.maven.apache.org/maven2/org/apache/maven/surefire/surefire-extensions-spi/3.2.5/surefire-extensions-spi-3.2.5.pom (1.8 kB at 19 kB/s)
Downloading from central: https://repo.maven.apache.org/maven2/org/eclipse/aether/aether-util/1.0.0.v20140518/aether-util-1.0.0.v20140518.pom
Progress (1): 937 BProgress (1): 2.2 kB                    Downloaded from central: https://repo.maven.apache.org/maven2/org/eclipse/aether/aether-util/1.0.0.v20140518/aether-util-1.0.0.v20140518.pom (2.2 kB at 22 kB/s)
Downloading from central: https://repo.maven.apache.org/maven2/org/eclipse/aether/aether/1.0.0.v20140518/aether-1.0.0.v20140518.pom
Progress (1): 798 BProgress (1): 2.7 kBProgress (1): 4.6 kBProgress (1): 8.4 kBProgress (1): 9.8 kBProgress (1): 14 kB Progress (1): 18 kBProgress (1): 20 kBProgress (1): 23 kBProgress (1): 28 kBProgress (1): 30 kB                   Downloaded from central: https://repo.maven.apache.org/maven2/org/eclipse/aether/aether/1.0.0.v20140518/aether-1.0.0.v20140518.pom (30 kB at 324 kB/s)
Downloading from central: https://repo.maven.apache.org/maven2/org/eclipse/aether/aether-api/1.0.0.v20140518/aether-api-1.0.0.v20140518.pom
Progress (1): 938 BProgress (1): 1.9 kB                    Downloaded from central: https://repo.maven.apache.org/maven2/org/eclipse/aether/aether-api/1.0.0.v20140518/aether-api-1.0.0.v20140518.pom (1.9 kB at 20 kB/s)
Downloading from central: https://repo.maven.apache.org/maven2/org/apache/maven/shared/maven-common-artifact-filters/3.1.1/maven-common-artifact-filters-3.1.1.pom
Progress (1): 798 BProgress (1): 1.8 kBProgress (1): 4.5 kBProgress (1): 5.8 kB                    Downloaded from central: https://repo.maven.apache.org/maven2/org/apache/maven/shared/maven-common-artifact-filters/3.1.1/maven-common-artifact-filters-3.1.1.pom (5.8 kB at 64 kB/s)
Downloading from central: https://repo.maven.apache.org/maven2/org/apache/maven/shared/maven-shared-components/34/maven-shared-components-34.pom
Progress (1): 781 BProgress (1): 1.8 kBProgress (1): 3.7 kBProgress (1): 5.1 kB                    Downloaded from central: https://repo.maven.apache.org/maven2/org/apache/maven/shared/maven-shared-components/34/maven-shared-components-34.pom (5.1 kB at 49 kB/s)
Downloading from central: https://repo.maven.apache.org/maven2/org/apache/maven/maven-parent/34/maven-parent-34.pom
Progress (1): 727 BProgress (1): 1.6 kBProgress (1): 4.4 kBProgress (1): 8.5 kBProgress (1): 11 kB Progress (1): 16 kBProgress (1): 20 kBProgress (1): 24 kBProgress (1): 26 kBProgress (1): 28 kBProgress (1): 29 kBProgress (1): 33 kBProgress (1): 36 kBProgress (1): 38 kBProgress (1): 43 kB                   Downloaded from central: https://repo.maven.apache.org/maven2/org/apache/maven/maven-parent/34/maven-parent-34.pom (43 kB at 412 kB/s)
Downloading from central: https://repo.maven.apache.org/maven2/org/apache/maven/maven-artifact/3.2.5/maven-artifact-3.2.5.pom
Progress (1): 843 BProgress (1): 1.9 kBProgress (1): 2.3 kB                    Downloaded from central: https://repo.maven.apache.org/maven2/org/apache/maven/maven-artifact/3.2.5/maven-artifact-3.2.5.pom (2.3 kB at 25 kB/s)
Downloading from central: https://repo.maven.apache.org/maven2/org/apache/maven/maven/3.2.5/maven-3.2.5.pom
Progress (1): 759 BProgress (1): 1.9 kBProgress (1): 3.4 kBProgress (1): 5.3 kBProgress (1): 11 kB Progress (1): 15 kBProgress (1): 18 kBProgress (1): 19 kBProgress (1): 22 kBProgress (1): 22 kB                   Downloaded from central: https://repo.maven.apache.org/maven2/org/apache/maven/maven/3.2.5/maven-3.2.5.pom (22 kB at 243 kB/s)
Downloading from central: https://repo.maven.apache.org/maven2/org/apache/maven/maven-parent/25/maven-parent-25.pom
Progress (1): 823 BProgress (1): 2.1 kBProgress (1): 3.4 kBProgress (1): 7.3 kBProgress (1): 12 kB Progress (1): 16 kBProgress (1): 20 kBProgress (1): 23 kBProgress (1): 25 kBProgress (1): 28 kBProgress (1): 31 kBProgress (1): 31 kBProgress (1): 36 kBProgress (1): 37 kB                   Downloaded from central: https://repo.maven.apache.org/maven2/org/apache/maven/maven-parent/25/maven-parent-25.pom (37 kB at 343 kB/s)
Downloading from central: https://repo.maven.apache.org/maven2/org/apache/apache/15/apache-15.pom
Progress (1): 754 BProgress (1): 2.1 kBProgress (1): 3.9 kBProgress (1): 7.9 kBProgress (1): 11 kB Progress (1): 14 kBProgress (1): 15 kB                   Downloaded from central: https://repo.maven.apache.org/maven2/org/apache/apache/15/apache-15.pom (15 kB at 164 kB/s)
Downloading from central: https://repo.maven.apache.org/maven2/org/apache/maven/maven-core/3.2.5/maven-core-3.2.5.pom
Progress (1): 794 BProgress (1): 2.2 kBProgress (1): 5.3 kBProgress (1): 8.1 kB                    Downloaded from central: https://repo.maven.apache.org/maven2/org/apache/maven/maven-core/3.2.5/maven-core-3.2.5.pom (8.1 kB at 73 kB/s)
Downloading from central: https://repo.maven.apache.org/maven2/org/apache/maven/maven-settings/3.2.5/maven-settings-3.2.5.pom
Progress (1): 823 BProgress (1): 2.2 kB                    Downloaded from central: https://repo.maven.apache.org/maven2/org/apache/maven/maven-settings/3.2.5/maven-settings-3.2.5.pom (2.2 kB at 22 kB/s)
Downloading from central: https://repo.maven.apache.org/maven2/org/apache/maven/maven-settings-builder/3.2.5/maven-settings-builder-3.2.5.pom
Progress (1): 823 BProgress (1): 2.6 kB                    Downloaded from central: https://repo.maven.apache.org/maven2/org/apache/maven/maven-settings-builder/3.2.5/maven-settings-builder-3.2.5.pom (2.6 kB at 27 kB/s)
Downloading from central: https://repo.maven.apache.org/maven2/org/codehaus/plexus/plexus-interpolation/1.21/plexus-interpolation-1.21.pom
Progress (1): 1.3 kBProgress (1): 1.5 kB                    Downloaded from central: https://repo.maven.apache.org/maven2/org/codehaus/plexus/plexus-interpolation/1.21/plexus-interpolation-1.21.pom (1.5 kB at 16 kB/s)
Downloading from central: https://repo.maven.apache.org/maven2/org/codehaus/plexus/plexus-components/1.3.1/plexus-components-1.3.1.pom
Progress (1): 1.3 kBProgress (1): 3.1 kB                    Downloaded from central: https://repo.maven.apache.org/maven2/org/codehaus/plexus/plexus-components/1.3.1/plexus-components-1.3.1.pom (3.1 kB at 33 kB/s)
Downloading from central: https://repo.maven.apache.org/maven2/org/codehaus/plexus/plexus/3.3.1/plexus-3.3.1.pom
Progress (1): 707 BProgress (1): 2.6 kBProgress (1): 6.1 kBProgress (1): 8.6 kBProgress (1): 11 kB Progress (1): 16 kBProgress (1): 20 kBProgress (1): 20 kB                   Downloaded from central: https://repo.maven.apache.org/maven2/org/codehaus/plexus/plexus/3.3.1/plexus-3.3.1.pom (20 kB at 227 kB/s)
Downloading from central: https://repo.maven.apache.org/maven2/org/sonatype/spice/spice-parent/17/spice-parent-17.pom
Progress (1): 1.2 kBProgress (1): 3.4 kBProgress (1): 6.5 kBProgress (1): 6.8 kB                    Downloaded from central: https://repo.maven.apache.org/maven2/org/sonatype/spice/spice-parent/17/spice-parent-17.pom (6.8 kB at 65 kB/s)
Downloading from central: https://repo.maven.apache.org/maven2/org/sonatype/forge/forge-parent/10/forge-parent-10.pom
Progress (1): 795 BProgress (1): 2.7 kBProgress (1): 8.3 kBProgress (1): 12 kB Progress (1): 14 kB                   Downloaded from central: https://repo.maven.apache.org/maven2/org/sonatype/forge/forge-parent/10/forge-parent-10.pom (14 kB at 130 kB/s)
Downloading from central: https://repo.maven.apache.org/maven2/org/codehaus/plexus/plexus-component-annotations/1.5.5/plexus-component-annotations-1.5.5.pom
Progress (1): 815 B                   Downloaded from central: https://repo.maven.apache.org/maven2/org/codehaus/plexus/plexus-component-annotations/1.5.5/plexus-component-annotations-1.5.5.pom (815 B at 8.8 kB/s)
Downloading from central: https://repo.maven.apache.org/maven2/org/codehaus/plexus/plexus-containers/1.5.5/plexus-containers-1.5.5.pom
Progress (1): 1.3 kBProgress (1): 4.2 kB                    Downloaded from central: https://repo.maven.apache.org/maven2/org/codehaus/plexus/plexus-containers/1.5.5/plexus-containers-1.5.5.pom (4.2 kB at 44 kB/s)
Downloading from central: https://repo.maven.apache.org/maven2/org/codehaus/plexus/plexus/2.0.7/plexus-2.0.7.pom
Progress (1): 711 BProgress (1): 2.8 kBProgress (1): 6.4 kBProgress (1): 9.1 kBProgress (1): 13 kB Progress (1): 17 kB                   Downloaded from central: https://repo.maven.apache.org/maven2/org/codehaus/plexus/plexus/2.0.7/plexus-2.0.7.pom (17 kB at 186 kB/s)
Downloading from central: https://repo.maven.apache.org/maven2/org/sonatype/plexus/plexus-sec-dispatcher/1.3/plexus-sec-dispatcher-1.3.pom
Progress (1): 1.3 kBProgress (1): 3.0 kB                    Downloaded from central: https://repo.maven.apache.org/maven2/org/sonatype/plexus/plexus-sec-dispatcher/1.3/plexus-sec-dispatcher-1.3.pom (3.0 kB at 33 kB/s)
Downloading from central: https://repo.maven.apache.org/maven2/org/sonatype/spice/spice-parent/12/spice-parent-12.pom
Progress (1): 1.2 kBProgress (1): 4.2 kBProgress (1): 6.8 kB                    Downloaded from central: https://repo.maven.apache.org/maven2/org/sonatype/spice/spice-parent/12/spice-parent-12.pom (6.8 kB at 79 kB/s)
Downloading from central: https://repo.maven.apache.org/maven2/org/sonatype/forge/forge-parent/4/forge-parent-4.pom
Progress (1): 1.4 kBProgress (1): 5.8 kBProgress (1): 8.4 kB                    Downloaded from central: https://repo.maven.apache.org/maven2/org/sonatype/forge/forge-parent/4/forge-parent-4.pom (8.4 kB at 93 kB/s)
Downloading from central: https://repo.maven.apache.org/maven2/org/sonatype/plexus/plexus-cipher/1.4/plexus-cipher-1.4.pom
Progress (1): 1.4 kBProgress (1): 2.1 kB                    Downloaded from central: https://repo.maven.apache.org/maven2/org/sonatype/plexus/plexus-cipher/1.4/plexus-cipher-1.4.pom (2.1 kB at 22 kB/s)
Downloading from central: https://repo.maven.apache.org/maven2/org/apache/maven/maven-repository-metadata/3.2.5/maven-repository-metadata-3.2.5.pom
Progress (1): 823 BProgress (1): 2.2 kB                    Downloaded from central: https://repo.maven.apache.org/maven2/org/apache/maven/maven-repository-metadata/3.2.5/maven-repository-metadata-3.2.5.pom (2.2 kB at 24 kB/s)
Downloading from central: https://repo.maven.apache.org/maven2/org/apache/maven/maven-plugin-api/3.2.5/maven-plugin-api-3.2.5.pom
Progress (1): 816 BProgress (1): 2.5 kBProgress (1): 3.0 kB                    Downloaded from central: https://repo.maven.apache.org/maven2/org/apache/maven/maven-plugin-api/3.2.5/maven-plugin-api-3.2.5.pom (3.0 kB at 32 kB/s)
Downloading from central: https://repo.maven.apache.org/maven2/org/eclipse/sisu/org.eclipse.sisu.plexus/0.9.0.M2/org.eclipse.sisu.plexus-0.9.0.M2.pom
Progress (1): 827 BProgress (1): 3.5 kBProgress (1): 8.7 kBProgress (1): 15 kB Progress (1): 15 kB                   Downloaded from central: https://repo.maven.apache.org/maven2/org/eclipse/sisu/org.eclipse.sisu.plexus/0.9.0.M2/org.eclipse.sisu.plexus-0.9.0.M2.pom (15 kB at 158 kB/s)
Downloading from central: https://repo.maven.apache.org/maven2/org/eclipse/sisu/sisu-plexus/0.9.0.M2/sisu-plexus-0.9.0.M2.pom
Progress (1): 811 BProgress (1): 2.8 kBProgress (1): 4.9 kBProgress (1): 8.5 kBProgress (1): 12 kB Progress (1): 15 kB                   Downloaded from central: https://repo.maven.apache.org/maven2/org/eclipse/sisu/sisu-plexus/0.9.0.M2/sisu-plexus-0.9.0.M2.pom (15 kB at 146 kB/s)
Downloading from central: https://repo.maven.apache.org/maven2/javax/annotation/javax.annotation-api/1.2/javax.annotation-api-1.2.pom
Progress (1): 702 BProgress (1): 2.0 kBProgress (1): 3.5 kBProgress (1): 5.5 kBProgress (1): 8.7 kBProgress (1): 12 kB Progress (1): 13 kB                   Downloaded from central: https://repo.maven.apache.org/maven2/javax/annotation/javax.annotation-api/1.2/javax.annotation-api-1.2.pom (13 kB at 141 kB/s)
Downloading from central: https://repo.maven.apache.org/maven2/net/java/jvnet-parent/3/jvnet-parent-3.pom
Progress (1): 838 BProgress (1): 2.5 kBProgress (1): 4.8 kB                    Downloaded from central: https://repo.maven.apache.org/maven2/net/java/jvnet-parent/3/jvnet-parent-3.pom (4.8 kB at 53 kB/s)
Downloading from central: https://repo.maven.apache.org/maven2/javax/enterprise/cdi-api/1.2/cdi-api-1.2.pom
Progress (1): 1.0 kBProgress (1): 3.3 kBProgress (1): 5.8 kBProgress (1): 6.3 kB                    Downloaded from central: https://repo.maven.apache.org/maven2/javax/enterprise/cdi-api/1.2/cdi-api-1.2.pom (6.3 kB at 62 kB/s)
Downloading from central: https://repo.maven.apache.org/maven2/org/jboss/weld/weld-parent/26/weld-parent-26.pom
Progress (1): 1.0 kBProgress (1): 2.9 kBProgress (1): 6.3 kBProgress (1): 11 kB Progress (1): 16 kBProgress (1): 19 kBProgress (1): 22 kBProgress (1): 26 kBProgress (1): 31 kBProgress (1): 32 kB                   Downloaded from central: https://repo.maven.apache.org/maven2/org/jboss/weld/weld-parent/26/weld-parent-26.pom (32 kB at 333 kB/s)
Downloading from central: https://repo.maven.apache.org/maven2/org/eclipse/sisu/org.eclipse.sisu.inject/0.9.0.M2/org.eclipse.sisu.inject-0.9.0.M2.pom
Progress (1): 909 BProgress (1): 3.4 kBProgress (1): 6.5 kBProgress (1): 15 kB Progress (1): 17 kB                   Downloaded from central: https://repo.maven.apache.org/maven2/org/eclipse/sisu/org.eclipse.sisu.inject/0.9.0.M2/org.eclipse.sisu.inject-0.9.0.M2.pom (17 kB at 191 kB/s)
Downloading from central: https://repo.maven.apache.org/maven2/org/eclipse/sisu/sisu-inject/0.9.0.M2/sisu-inject-0.9.0.M2.pom
Progress (1): 859 BProgress (1): 2.9 kBProgress (1): 4.7 kBProgress (1): 8.4 kBProgress (1): 12 kB Progress (1): 15 kB                   Downloaded from central: https://repo.maven.apache.org/maven2/org/eclipse/sisu/sisu-inject/0.9.0.M2/sisu-inject-0.9.0.M2.pom (15 kB at 161 kB/s)
Downloading from central: https://repo.maven.apache.org/maven2/org/codehaus/plexus/plexus-component-annotations/2.1.0/plexus-component-annotations-2.1.0.pom
Progress (1): 750 B                   Downloaded from central: https://repo.maven.apache.org/maven2/org/codehaus/plexus/plexus-component-annotations/2.1.0/plexus-component-annotations-2.1.0.pom (750 B at 8.3 kB/s)
Downloading from central: https://repo.maven.apache.org/maven2/org/codehaus/plexus/plexus-containers/2.1.0/plexus-containers-2.1.0.pom
Progress (1): 1.3 kBProgress (1): 4.7 kBProgress (1): 4.8 kB                    Downloaded from central: https://repo.maven.apache.org/maven2/org/codehaus/plexus/plexus-containers/2.1.0/plexus-containers-2.1.0.pom (4.8 kB at 54 kB/s)
Downloading from central: https://repo.maven.apache.org/maven2/org/codehaus/plexus/plexus-classworlds/2.6.0/plexus-classworlds-2.6.0.pom
Progress (1): 932 BProgress (1): 2.6 kBProgress (1): 5.5 kBProgress (1): 7.9 kB                    Downloaded from central: https://repo.maven.apache.org/maven2/org/codehaus/plexus/plexus-classworlds/2.6.0/plexus-classworlds-2.6.0.pom (7.9 kB at 82 kB/s)
Downloading from central: https://repo.maven.apache.org/maven2/org/apache/maven/maven-model-builder/3.2.5/maven-model-builder-3.2.5.pom
Progress (1): 836 BProgress (1): 2.7 kBProgress (1): 3.0 kB                    Downloaded from central: https://repo.maven.apache.org/maven2/org/apache/maven/maven-model-builder/3.2.5/maven-model-builder-3.2.5.pom (3.0 kB at 33 kB/s)
Downloading from central: https://repo.maven.apache.org/maven2/org/apache/maven/maven-aether-provider/3.2.5/maven-aether-provider-3.2.5.pom
Progress (1): 811 BProgress (1): 3.0 kBProgress (1): 4.2 kB                    Downloaded from central: https://repo.maven.apache.org/maven2/org/apache/maven/maven-aether-provider/3.2.5/maven-aether-provider-3.2.5.pom (4.2 kB at 48 kB/s)
Downloading from central: https://repo.maven.apache.org/maven2/org/eclipse/aether/aether-spi/1.0.0.v20140518/aether-spi-1.0.0.v20140518.pom
Progress (1): 934 BProgress (1): 2.1 kB                    Downloaded from central: https://repo.maven.apache.org/maven2/org/eclipse/aether/aether-spi/1.0.0.v20140518/aether-spi-1.0.0.v20140518.pom (2.1 kB at 23 kB/s)
Downloading from central: https://repo.maven.apache.org/maven2/org/eclipse/aether/aether-impl/1.0.0.v20140518/aether-impl-1.0.0.v20140518.pom
Progress (1): 922 BProgress (1): 3.5 kB                    Downloaded from central: https://repo.maven.apache.org/maven2/org/eclipse/aether/aether-impl/1.0.0.v20140518/aether-impl-1.0.0.v20140518.pom (3.5 kB at 39 kB/s)
Downloading from central: https://repo.maven.apache.org/maven2/org/sonatype/sisu/sisu-guice/3.2.3/sisu-guice-3.2.3.pom
Progress (1): 1.3 kBProgress (1): 3.8 kBProgress (1): 6.0 kBProgress (1): 9.7 kBProgress (1): 11 kB                    Downloaded from central: https://repo.maven.apache.org/maven2/org/sonatype/sisu/sisu-guice/3.2.3/sisu-guice-3.2.3.pom (11 kB at 119 kB/s)
Downloading from central: https://repo.maven.apache.org/maven2/org/sonatype/sisu/inject/guice-parent/3.2.3/guice-parent-3.2.3.pom
Progress (1): 799 BProgress (1): 2.7 kBProgress (1): 5.1 kBProgress (1): 7.6 kBProgress (1): 10 kB Progress (1): 13 kB                   Downloaded from central: https://repo.maven.apache.org/maven2/org/sonatype/sisu/inject/guice-parent/3.2.3/guice-parent-3.2.3.pom (13 kB at 139 kB/s)
Downloading from central: https://repo.maven.apache.org/maven2/org/sonatype/forge/forge-parent/38/forge-parent-38.pom
Progress (1): 812 BProgress (1): 2.5 kBProgress (1): 5.0 kBProgress (1): 8.7 kBProgress (1): 12 kB Progress (1): 16 kBProgress (1): 19 kB                   Downloaded from central: https://repo.maven.apache.org/maven2/org/sonatype/forge/forge-parent/38/forge-parent-38.pom (19 kB at 189 kB/s)
Downloading from central: https://repo.maven.apache.org/maven2/aopalliance/aopalliance/1.0/aopalliance-1.0.pom
Progress (1): 363 B                   Downloaded from central: https://repo.maven.apache.org/maven2/aopalliance/aopalliance/1.0/aopalliance-1.0.pom (363 B at 4.1 kB/s)
Downloading from central: https://repo.maven.apache.org/maven2/com/google/guava/guava/16.0.1/guava-16.0.1.pom
Progress (1): 956 BProgress (1): 2.8 kBProgress (1): 5.3 kBProgress (1): 6.1 kB                    Downloaded from central: https://repo.maven.apache.org/maven2/com/google/guava/guava/16.0.1/guava-16.0.1.pom (6.1 kB at 66 kB/s)
Downloading from central: https://repo.maven.apache.org/maven2/com/google/guava/guava-parent/16.0.1/guava-parent-16.0.1.pom
Progress (1): 1.1 kBProgress (1): 2.9 kBProgress (1): 6.3 kBProgress (1): 7.3 kB                    Downloaded from central: https://repo.maven.apache.org/maven2/com/google/guava/guava-parent/16.0.1/guava-parent-16.0.1.pom (7.3 kB at 78 kB/s)
Downloading from central: https://repo.maven.apache.org/maven2/org/sonatype/oss/oss-parent/7/oss-parent-7.pom
Progress (1): 848 BProgress (1): 2.5 kBProgress (1): 4.8 kB                    Downloaded from central: https://repo.maven.apache.org/maven2/org/sonatype/oss/oss-parent/7/oss-parent-7.pom (4.8 kB at 55 kB/s)
Downloading from central: https://repo.maven.apache.org/maven2/org/codehaus/plexus/plexus-classworlds/2.5.2/plexus-classworlds-2.5.2.pom
Progress (1): 930 BProgress (1): 3.0 kBProgress (1): 6.0 kBProgress (1): 7.3 kB                    Downloaded from central: https://repo.maven.apache.org/maven2/org/codehaus/plexus/plexus-classworlds/2.5.2/plexus-classworlds-2.5.2.pom (7.3 kB at 81 kB/s)
Downloading from central: https://repo.maven.apache.org/maven2/commons-io/commons-io/2.15.1/commons-io-2.15.1.pom
Progress (1): 765 BProgress (1): 2.1 kBProgress (1): 5.2 kBProgress (1): 7.6 kBProgress (1): 10 kB Progress (1): 12 kBProgress (1): 15 kBProgress (1): 18 kBProgress (1): 20 kB                   Downloaded from central: https://repo.maven.apache.org/maven2/commons-io/commons-io/2.15.1/commons-io-2.15.1.pom (20 kB at 219 kB/s)
Downloading from central: https://repo.maven.apache.org/maven2/org/apache/commons/commons-parent/65/commons-parent-65.pom
Progress (1): 705 BProgress (1): 1.9 kBProgress (1): 3.1 kBProgress (1): 4.7 kBProgress (1): 6.4 kBProgress (1): 8.4 kBProgress (1): 10 kB Progress (1): 13 kBProgress (1): 15 kBProgress (1): 18 kBProgress (1): 19 kBProgress (1): 23 kBProgress (1): 25 kBProgress (1): 28 kBProgress (1): 32 kBProgress (1): 32 kBProgress (1): 35 kBProgress (1): 41 kBProgress (1): 43 kBProgress (1): 46 kBProgress (1): 49 kBProgress (1): 51 kBProgress (1): 54 kBProgress (1): 58 kBProgress (1): 60 kBProgress (1): 64 kBProgress (1): 67 kBProgress (1): 71 kBProgress (1): 74 kBProgress (1): 76 kBProgress (1): 78 kB                   Downloaded from central: https://repo.maven.apache.org/maven2/org/apache/commons/commons-parent/65/commons-parent-65.pom (78 kB at 779 kB/s)
Downloading from central: https://repo.maven.apache.org/maven2/org/apache/maven/surefire/maven-surefire-common/3.2.5/maven-surefire-common-3.2.5.jar
Progress (1): 7.7/308 kBProgress (1): 12/308 kB Progress (1): 28/308 kBProgress (1): 44/308 kBProgress (1): 61/308 kBProgress (1): 77/308 kBProgress (1): 93/308 kBProgress (1): 110/308 kBProgress (1): 126/308 kBProgress (1): 143/308 kBProgress (1): 159/308 kBProgress (1): 172/308 kBProgress (1): 175/308 kBProgress (1): 192/308 kBProgress (1): 208/308 kBProgress (1): 225/308 kBProgress (1): 241/308 kBProgress (1): 257/308 kBProgress (1): 274/308 kBProgress (1): 290/308 kBProgress (1): 303/308 kBProgress (1): 308 kB                        Downloaded from central: https://repo.maven.apache.org/maven2/org/apache/maven/surefire/maven-surefire-common/3.2.5/maven-surefire-common-3.2.5.jar (308 kB at 1.3 MB/s)
Downloading from central: https://repo.maven.apache.org/maven2/org/apache/maven/surefire/surefire-api/3.2.5/surefire-api-3.2.5.jar
Downloading from central: https://repo.maven.apache.org/maven2/org/apache/maven/surefire/surefire-extensions-api/3.2.5/surefire-extensions-api-3.2.5.jar
Downloading from central: https://repo.maven.apache.org/maven2/org/apache/maven/surefire/surefire-logger-api/3.2.5/surefire-logger-api-3.2.5.jar
Downloading from central: https://repo.maven.apache.org/maven2/org/apache/maven/surefire/surefire-booter/3.2.5/surefire-booter-3.2.5.jar
Downloading from central: https://repo.maven.apache.org/maven2/org/apache/maven/surefire/surefire-extensions-spi/3.2.5/surefire-extensions-spi-3.2.5.jar
Progress (1): 0.9/14 kBProgress (1): 2.3/14 kBProgress (1): 3.6/14 kBProgress (1): 5.0/14 kBProgress (1): 6.4/14 kBProgress (1): 7.5/14 kBProgress (1): 8.8/14 kBProgress (1): 10/14 kB Progress (1): 12/14 kBProgress (1): 13/14 kBProgress (1): 14 kB                      Downloaded from central: https://repo.maven.apache.org/maven2/org/apache/maven/surefire/surefire-logger-api/3.2.5/surefire-logger-api-3.2.5.jar (14 kB at 340 kB/s)
Downloading from central: https://repo.maven.apache.org/maven2/org/eclipse/aether/aether-util/1.0.0.v20140518/aether-util-1.0.0.v20140518.jar
Progress (1): 0.9/118 kBProgress (1): 2.3/118 kBProgress (1): 3.6/118 kBProgress (1): 5.0/118 kBProgress (1): 6.4/118 kBProgress (1): 7.7/118 kBProgress (1): 9.1/118 kBProgress (1): 10/118 kB Progress (1): 12/118 kBProgress (1): 13/118 kBProgress (1): 15/118 kBProgress (1): 16/118 kBProgress (1): 17/118 kBProgress (1): 19/118 kBProgress (1): 20/118 kBProgress (1): 21/118 kBProgress (1): 23/118 kBProgress (1): 24/118 kBProgress (1): 26/118 kBProgress (1): 27/118 kBProgress (1): 28/118 kBProgress (1): 30/118 kBProgress (1): 31/118 kBProgress (1): 32/118 kBProgress (1): 34/118 kBProgress (1): 35/118 kBProgress (1): 36/118 kBProgress (1): 38/118 kBProgress (1): 39/118 kBProgress (1): 41/118 kBProgress (1): 42/118 kBProgress (1): 43/118 kBProgress (1): 45/118 kBProgress (1): 46/118 kBProgress (1): 47/118 kBProgress (1): 49/118 kBProgress (1): 50/118 kBProgress (1): 52/118 kBProgress (1): 53/118 kBProgress (1): 54/118 kBProgress (1): 56/118 kBProgress (1): 60/118 kBProgress (2): 60/118 kB | 0.9/171 kBProgress (2): 60/118 kB | 2.3/171 kBProgress (2): 60/118 kB | 3.6/171 kBProgress (2): 60/118 kB | 5.0/171 kBProgress (2): 60/118 kB | 6.4/171 kBProgress (2): 60/118 kB | 7.7/171 kBProgress (2): 64/118 kB | 7.7/171 kBProgress (2): 64/118 kB | 9.1/171 kBProgress (2): 64/118 kB | 10/171 kB Progress (2): 68/118 kB | 10/171 kBProgress (2): 68/118 kB | 12/171 kBProgress (2): 68/118 kB | 13/171 kBProgress (2): 68/118 kB | 15/171 kBProgress (2): 73/118 kB | 15/171 kBProgress (2): 73/118 kB | 16/171 kBProgress (2): 73/118 kB | 17/171 kBProgress (2): 73/118 kB | 19/171 kBProgress (2): 77/118 kB | 19/171 kBProgress (2): 77/118 kB | 20/171 kBProgress (2): 77/118 kB | 21/171 kBProgress (2): 77/118 kB | 23/171 kBProgress (2): 81/118 kB | 23/171 kBProgress (2): 85/118 kB | 23/171 kBProgress (2): 89/118 kB | 23/171 kBProgress (2): 94/118 kB | 23/171 kBProgress (2): 98/118 kB | 23/171 kBProgress (2): 102/118 kB | 23/171 kBProgress (2): 102/118 kB | 24/171 kBProgress (2): 106/118 kB | 24/171 kBProgress (2): 111/118 kB | 24/171 kBProgress (2): 115/118 kB | 24/171 kBProgress (2): 118 kB | 24/171 kB    Progress (2): 118 kB | 26/171 kBProgress (2): 118 kB | 27/171 kBProgress (2): 118 kB | 28/171 kBProgress (2): 118 kB | 30/171 kBProgress (2): 118 kB | 31/171 kBProgress (2): 118 kB | 32/171 kBProgress (2): 118 kB | 34/171 kBProgress (2): 118 kB | 35/171 kBProgress (2): 118 kB | 36/171 kBProgress (2): 118 kB | 38/171 kBProgress (2): 118 kB | 39/171 kBProgress (2): 118 kB | 41/171 kBProgress (2): 118 kB | 42/171 kBProgress (2): 118 kB | 43/171 kBProgress (2): 118 kB | 45/171 kBProgress (2): 118 kB | 46/171 kBProgress (2): 118 kB | 47/171 kBProgress (2): 118 kB | 49/171 kBProgress (2): 118 kB | 50/171 kBProgress (2): 118 kB | 52/171 kBProgress (2): 118 kB | 53/171 kBProgress (2): 118 kB | 54/171 kBProgress (2): 118 kB | 56/171 kBProgress (2): 118 kB | 60/171 kBProgress (2): 118 kB | 64/171 kBProgress (2): 118 kB | 68/171 kBProgress (2): 118 kB | 73/171 kBProgress (2): 118 kB | 77/171 kB                                Downloaded from central: https://repo.maven.apache.org/maven2/org/apache/maven/surefire/surefire-booter/3.2.5/surefire-booter-3.2.5.jar (118 kB at 2.1 MB/s)
Downloading from central: https://repo.maven.apache.org/maven2/org/eclipse/aether/aether-api/1.0.0.v20140518/aether-api-1.0.0.v20140518.jar
Progress (1): 81/171 kBProgress (1): 85/171 kBProgress (1): 89/171 kBProgress (1): 94/171 kBProgress (1): 98/171 kBProgress (1): 102/171 kBProgress (1): 106/171 kBProgress (1): 111/171 kBProgress (1): 115/171 kBProgress (1): 119/171 kBProgress (1): 123/171 kBProgress (1): 128/171 kBProgress (1): 131/171 kBProgress (1): 135/171 kBProgress (1): 139/171 kBProgress (1): 143/171 kBProgress (1): 147/171 kBProgress (1): 152/171 kBProgress (1): 156/171 kBProgress (1): 160/171 kBProgress (1): 164/171 kBProgress (1): 169/171 kBProgress (1): 171 kB    Progress (2): 171 kB | 1.4/146 kBProgress (2): 171 kB | 2.7/146 kBProgress (2): 171 kB | 4.1/146 kBProgress (2): 171 kB | 5.5/146 kBProgress (2): 171 kB | 6.8/146 kBProgress (2): 171 kB | 8.2/146 kBProgress (2): 171 kB | 9.6/146 kBProgress (2): 171 kB | 11/146 kB Progress (2): 171 kB | 12/146 kBProgress (2): 171 kB | 14/146 kBProgress (2): 171 kB | 15/146 kBProgress (2): 171 kB | 16/146 kBProgress (2): 171 kB | 18/146 kBProgress (2): 171 kB | 19/146 kBProgress (2): 171 kB | 21/146 kBProgress (2): 171 kB | 22/146 kBProgress (2): 171 kB | 23/146 kBProgress (2): 171 kB | 25/146 kBProgress (2): 171 kB | 26/146 kBProgress (2): 171 kB | 27/146 kBProgress (2): 171 kB | 29/146 kBProgress (2): 171 kB | 30/146 kBProgress (2): 171 kB | 31/146 kBProgress (2): 171 kB | 33/146 kBProgress (2): 171 kB | 34/146 kBProgress (2): 171 kB | 36/146 kB                                Downloaded from central: https://repo.maven.apache.org/maven2/org/apache/maven/surefire/surefire-api/3.2.5/surefire-api-3.2.5.jar (171 kB at 2.5 MB/s)
Progress (1): 37/146 kB                       Downloading from central: https://repo.maven.apache.org/maven2/org/apache/maven/shared/maven-common-artifact-filters/3.1.1/maven-common-artifact-filters-3.1.1.jar
Progress (1): 38/146 kBProgress (1): 40/146 kBProgress (1): 44/146 kBProgress (1): 48/146 kBProgress (1): 52/146 kBProgress (1): 57/146 kBProgress (1): 61/146 kBProgress (1): 65/146 kBProgress (1): 69/146 kBProgress (1): 74/146 kBProgress (1): 78/146 kBProgress (1): 82/146 kBProgress (1): 86/146 kBProgress (1): 90/146 kBProgress (1): 95/146 kBProgress (1): 99/146 kBProgress (1): 103/146 kBProgress (1): 107/146 kBProgress (1): 112/146 kBProgress (1): 116/146 kBProgress (1): 120/146 kBProgress (1): 123/146 kBProgress (1): 127/146 kBProgress (1): 131/146 kBProgress (1): 135/146 kBProgress (1): 140/146 kBProgress (1): 144/146 kBProgress (1): 146 kB                        Downloaded from central: https://repo.maven.apache.org/maven2/org/eclipse/aether/aether-util/1.0.0.v20140518/aether-util-1.0.0.v20140518.jar (146 kB at 2.1 MB/s)
Downloading from central: https://repo.maven.apache.org/maven2/commons-io/commons-io/2.15.1/commons-io-2.15.1.jar
Progress (1): 3.8/136 kBProgress (1): 8.0/136 kBProgress (1): 12/136 kB Progress (1): 16/136 kBProgress (1): 21/136 kBProgress (1): 25/136 kBProgress (1): 29/136 kBProgress (1): 33/136 kBProgress (1): 37/136 kBProgress (1): 41/136 kBProgress (1): 46/136 kBProgress (1): 50/136 kBProgress (1): 54/136 kBProgress (1): 58/136 kBProgress (1): 63/136 kBProgress (1): 67/136 kBProgress (1): 71/136 kBProgress (1): 75/136 kBProgress (1): 80/136 kBProgress (1): 84/136 kBProgress (1): 88/136 kBProgress (1): 92/136 kBProgress (1): 96/136 kBProgress (1): 101/136 kBProgress (1): 105/136 kBProgress (1): 121/136 kBProgress (1): 136 kB    Progress (2): 136 kB | 3.8/61 kBProgress (2): 136 kB | 8.0/61 kBProgress (2): 136 kB | 12/61 kB Progress (2): 136 kB | 16/61 kBProgress (2): 136 kB | 21/61 kBProgress (2): 136 kB | 25/61 kBProgress (2): 136 kB | 29/61 kB                               Downloaded from central: https://repo.maven.apache.org/maven2/org/eclipse/aether/aether-api/1.0.0.v20140518/aether-api-1.0.0.v20140518.jar (136 kB at 1.6 MB/s)
Progress (1): 33/61 kB                      Downloading from central: https://repo.maven.apache.org/maven2/org/apache/maven/surefire/surefire-shared-utils/3.2.5/surefire-shared-utils-3.2.5.jar
Progress (1): 38/61 kBProgress (2): 38/61 kB | 7.7/26 kBProgress (2): 38/61 kB | 12/26 kB Progress (2): 42/61 kB | 12/26 kBProgress (2): 46/61 kB | 12/26 kBProgress (2): 50/61 kB | 12/26 kBProgress (2): 61 kB | 12/26 kB   Progress (2): 61 kB | 26 kB                              Downloaded from central: https://repo.maven.apache.org/maven2/org/apache/maven/shared/maven-common-artifact-filters/3.1.1/maven-common-artifact-filters-3.1.1.jar (61 kB at 699 kB/s)
Downloaded from central: https://repo.maven.apache.org/maven2/org/apache/maven/surefire/surefire-extensions-api/3.2.5/surefire-extensions-api-3.2.5.jar (26 kB at 294 kB/s)
Progress (1): 3.8/501 kBProgress (1): 7.7/501 kBProgress (1): 12/501 kB Progress (1): 16/501 kBProgress (1): 20/501 kBProgress (1): 25/501 kBProgress (1): 29/501 kBProgress (1): 33/501 kBProgress (1): 37/501 kBProgress (1): 42/501 kBProgress (1): 46/501 kBProgress (1): 50/501 kBProgress (1): 54/501 kBProgress (1): 58/501 kBProgress (1): 66/501 kBProgress (1): 82/501 kBProgress (1): 90/501 kBProgress (1): 106/501 kBProgress (1): 123/501 kBProgress (1): 131/501 kBProgress (1): 147/501 kBProgress (1): 164/501 kBProgress (1): 180/501 kBProgress (1): 197/501 kBProgress (1): 213/501 kBProgress (1): 229/501 kBProgress (1): 246/501 kBProgress (1): 262/501 kBProgress (1): 279/501 kBProgress (1): 295/501 kBProgress (1): 311/501 kBProgress (1): 328/501 kBProgress (1): 344/501 kBProgress (1): 356/501 kBProgress (1): 372/501 kBProgress (1): 377/501 kBProgress (1): 393/501 kBProgress (1): 410/501 kBProgress (1): 426/501 kBProgress (1): 442/501 kBProgress (1): 459/501 kBProgress (1): 475/501 kBProgress (1): 492/501 kBProgress (1): 501 kB                        Downloaded from central: https://repo.maven.apache.org/maven2/commons-io/commons-io/2.15.1/commons-io-2.15.1.jar (501 kB at 5.1 MB/s)
Progress (1): 0/2.4 MBProgress (1): 0/2.4 MBProgress (1): 0/2.4 MBProgress (1): 0/2.4 MBProgress (1): 0.1/2.4 MBProgress (1): 0.1/2.4 MBProgress (1): 0.1/2.4 MBProgress (1): 0.1/2.4 MBProgress (1): 0.1/2.4 MBProgress (1): 0.1/2.4 MBProgress (1): 0.2/2.4 MBProgress (1): 0.2/2.4 MBProgress (1): 0.2/2.4 MBProgress (1): 0.2/2.4 MBProgress (1): 0.2/2.4 MBProgress (1): 0.2/2.4 MBProgress (1): 0.2/2.4 MBProgress (1): 0.3/2.4 MBProgress (1): 0.3/2.4 MBProgress (1): 0.3/2.4 MBProgress (1): 0.3/2.4 MBProgress (1): 0.3/2.4 MBProgress (1): 0.3/2.4 MBProgress (1): 0.4/2.4 MBProgress (1): 0.4/2.4 MBProgress (1): 0.4/2.4 MBProgress (1): 0.4/2.4 MBProgress (1): 0.4/2.4 MBProgress (1): 0.4/2.4 MBProgress (1): 0.5/2.4 MBProgress (1): 0.5/2.4 MBProgress (1): 0.5/2.4 MBProgress (1): 0.5/2.4 MBProgress (1): 0.5/2.4 MBProgress (1): 0.5/2.4 MBProgress (1): 0.5/2.4 MBProgress (1): 0.6/2.4 MBProgress (1): 0.6/2.4 MBProgress (1): 0.6/2.4 MBProgress (1): 0.6/2.4 MBProgress (1): 0.6/2.4 MBProgress (1): 0.6/2.4 MBProgress (1): 0.7/2.4 MBProgress (1): 0.7/2.4 MBProgress (1): 0.7/2.4 MBProgress (1): 0.7/2.4 MBProgress (1): 0.7/2.4 MBProgress (1): 0.7/2.4 MBProgress (1): 0.8/2.4 MBProgress (1): 0.8/2.4 MBProgress (1): 0.8/2.4 MBProgress (1): 0.8/2.4 MBProgress (1): 0.8/2.4 MBProgress (1): 0.8/2.4 MBProgress (1): 0.9/2.4 MBProgress (1): 0.9/2.4 MBProgress (1): 0.9/2.4 MBProgress (1): 0.9/2.4 MBProgress (1): 0.9/2.4 MBProgress (1): 0.9/2.4 MBProgress (1): 1.0/2.4 MBProgress (1): 1.0/2.4 MBProgress (1): 1.0/2.4 MBProgress (1): 1.0/2.4 MBProgress (1): 1.0/2.4 MBProgress (1): 1.0/2.4 MBProgress (1): 1.1/2.4 MBProgress (1): 1.1/2.4 MBProgress (1): 1.1/2.4 MBProgress (1): 1.1/2.4 MBProgress (1): 1.1/2.4 MBProgress (1): 1.1/2.4 MBProgress (1): 1.2/2.4 MBProgress (1): 1.2/2.4 MBProgress (1): 1.2/2.4 MBProgress (1): 1.2/2.4 MBProgress (1): 1.2/2.4 MBProgress (1): 1.2/2.4 MBProgress (1): 1.3/2.4 MBProgress (1): 1.3/2.4 MBProgress (1): 1.3/2.4 MBProgress (1): 1.3/2.4 MBProgress (1): 1.3/2.4 MBProgress (1): 1.3/2.4 MBProgress (1): 1.4/2.4 MBProgress (1): 1.4/2.4 MBProgress (1): 1.4/2.4 MBProgress (1): 1.4/2.4 MBProgress (1): 1.4/2.4 MBProgress (1): 1.4/2.4 MBProgress (1): 1.4/2.4 MBProgress (1): 1.5/2.4 MBProgress (1): 1.5/2.4 MBProgress (1): 1.5/2.4 MBProgress (1): 1.5/2.4 MBProgress (1): 1.5/2.4 MBProgress (1): 1.5/2.4 MBProgress (1): 1.6/2.4 MBProgress (1): 1.6/2.4 MBProgress (1): 1.6/2.4 MBProgress (1): 1.6/2.4 MBProgress (1): 1.6/2.4 MBProgress (1): 1.6/2.4 MBProgress (1): 1.7/2.4 MBProgress (1): 1.7/2.4 MBProgress (1): 1.7/2.4 MBProgress (1): 1.7/2.4 MBProgress (1): 1.7/2.4 MBProgress (1): 1.7/2.4 MBProgress (1): 1.8/2.4 MBProgress (1): 1.8/2.4 MBProgress (1): 1.8/2.4 MBProgress (1): 1.8/2.4 MBProgress (1): 1.8/2.4 MBProgress (1): 1.8/2.4 MBProgress (1): 1.9/2.4 MBProgress (1): 1.9/2.4 MBProgress (1): 1.9/2.4 MBProgress (1): 1.9/2.4 MBProgress (1): 1.9/2.4 MBProgress (1): 1.9/2.4 MBProgress (1): 2.0/2.4 MBProgress (1): 2.0/2.4 MBProgress (1): 2.0/2.4 MBProgress (1): 2.0/2.4 MBProgress (1): 2.0/2.4 MBProgress (1): 2.0/2.4 MBProgress (1): 2.1/2.4 MBProgress (1): 2.1/2.4 MBProgress (1): 2.1/2.4 MBProgress (1): 2.1/2.4 MBProgress (1): 2.1/2.4 MBProgress (1): 2.1/2.4 MBProgress (1): 2.2/2.4 MBProgress (1): 2.2/2.4 MBProgress (1): 2.2/2.4 MBProgress (1): 2.2/2.4 MBProgress (1): 2.2/2.4 MBProgress (1): 2.2/2.4 MBProgress (1): 2.2/2.4 MBProgress (1): 2.3/2.4 MBProgress (1): 2.3/2.4 MBProgress (1): 2.3/2.4 MBProgress (1): 2.3/2.4 MBProgress (1): 2.3/2.4 MBProgress (1): 2.3/2.4 MBProgress (1): 2.3/2.4 MBProgress (1): 2.4/2.4 MBProgress (1): 2.4/2.4 MBProgress (1): 2.4/2.4 MBProgress (1): 2.4/2.4 MBProgress (1): 2.4/2.4 MBProgress (1): 2.4/2.4 MBProgress (1): 2.4 MB                        Downloaded from central: https://repo.maven.apache.org/maven2/org/apache/maven/surefire/surefire-shared-utils/3.2.5/surefire-shared-utils-3.2.5.jar (2.4 MB at 17 MB/s)
Progress (1): 0.9/8.2 kBProgress (1): 2.3/8.2 kBProgress (1): 3.6/8.2 kBProgress (1): 5.0/8.2 kBProgress (1): 6.4/8.2 kBProgress (1): 7.7/8.2 kBProgress (1): 8.2 kB                        Downloaded from central: https://repo.maven.apache.org/maven2/org/apache/maven/surefire/surefire-extensions-spi/3.2.5/surefire-extensions-spi-3.2.5.jar (8.2 kB at 35 kB/s)
[INFO] Using auto detected provider org.apache.maven.surefire.junitplatform.JUnitPlatformProvider
Downloading from central: https://repo.maven.apache.org/maven2/org/apache/maven/surefire/surefire-junit-platform/3.2.5/surefire-junit-platform-3.2.5.pom
Progress (1): 846 BProgress (1): 2.6 kBProgress (1): 4.7 kB                    Downloaded from central: https://repo.maven.apache.org/maven2/org/apache/maven/surefire/surefire-junit-platform/3.2.5/surefire-junit-platform-3.2.5.pom (4.7 kB at 49 kB/s)
Downloading from central: https://repo.maven.apache.org/maven2/org/apache/maven/surefire/surefire-providers/3.2.5/surefire-providers-3.2.5.pom
Progress (1): 849 BProgress (1): 2.2 kBProgress (1): 2.6 kB                    Downloaded from central: https://repo.maven.apache.org/maven2/org/apache/maven/surefire/surefire-providers/3.2.5/surefire-providers-3.2.5.pom (2.6 kB at 29 kB/s)
Downloading from central: https://repo.maven.apache.org/maven2/org/apache/maven/surefire/common-java5/3.2.5/common-java5-3.2.5.pom
Progress (1): 849 BProgress (1): 2.0 kBProgress (1): 2.8 kB                    Downloaded from central: https://repo.maven.apache.org/maven2/org/apache/maven/surefire/common-java5/3.2.5/common-java5-3.2.5.pom (2.8 kB at 30 kB/s)
Downloading from central: https://repo.maven.apache.org/maven2/org/junit/platform/junit-platform-launcher/1.9.3/junit-platform-launcher-1.9.3.pom
Progress (1): 966 BProgress (1): 2.5 kBProgress (1): 3.0 kB                    Downloaded from central: https://repo.maven.apache.org/maven2/org/junit/platform/junit-platform-launcher/1.9.3/junit-platform-launcher-1.9.3.pom (3.0 kB at 33 kB/s)
Downloading from central: https://repo.maven.apache.org/maven2/org/junit/platform/junit-platform-engine/1.9.3/junit-platform-engine-1.9.3.pom
Progress (1): 957 BProgress (1): 2.5 kBProgress (1): 3.2 kB                    Downloaded from central: https://repo.maven.apache.org/maven2/org/junit/platform/junit-platform-engine/1.9.3/junit-platform-engine-1.9.3.pom (3.2 kB at 36 kB/s)
Downloading from central: https://repo.maven.apache.org/maven2/org/opentest4j/opentest4j/1.2.0/opentest4j-1.2.0.pom
Progress (1): 1.2 kBProgress (1): 1.7 kB                    Downloaded from central: https://repo.maven.apache.org/maven2/org/opentest4j/opentest4j/1.2.0/opentest4j-1.2.0.pom (1.7 kB at 18 kB/s)
Downloading from central: https://repo.maven.apache.org/maven2/org/junit/platform/junit-platform-commons/1.9.3/junit-platform-commons-1.9.3.pom
Progress (1): 971 BProgress (1): 2.5 kBProgress (1): 2.8 kB                    Downloaded from central: https://repo.maven.apache.org/maven2/org/junit/platform/junit-platform-commons/1.9.3/junit-platform-commons-1.9.3.pom (2.8 kB at 31 kB/s)
Downloading from central: https://repo.maven.apache.org/maven2/org/apache/maven/surefire/surefire-junit-platform/3.2.5/surefire-junit-platform-3.2.5.jar
Progress (1): 0.9/27 kBProgress (1): 2.3/27 kBProgress (1): 3.6/27 kBProgress (1): 5.0/27 kBProgress (1): 6.4/27 kBProgress (1): 7.7/27 kBProgress (1): 8.2/27 kBProgress (1): 9.6/27 kBProgress (1): 11/27 kB Progress (1): 12/27 kBProgress (1): 14/27 kBProgress (1): 15/27 kBProgress (1): 16/27 kBProgress (1): 18/27 kBProgress (1): 19/27 kBProgress (1): 23/27 kBProgress (1): 27 kB                      Downloaded from central: https://repo.maven.apache.org/maven2/org/apache/maven/surefire/surefire-junit-platform/3.2.5/surefire-junit-platform-3.2.5.jar (27 kB at 298 kB/s)
Downloading from central: https://repo.maven.apache.org/maven2/org/apache/maven/surefire/common-java5/3.2.5/common-java5-3.2.5.jar
Downloading from central: https://repo.maven.apache.org/maven2/org/junit/platform/junit-platform-commons/1.9.3/junit-platform-commons-1.9.3.jar
Downloading from central: https://repo.maven.apache.org/maven2/org/junit/platform/junit-platform-launcher/1.9.3/junit-platform-launcher-1.9.3.jar
Downloading from central: https://repo.maven.apache.org/maven2/org/opentest4j/opentest4j/1.2.0/opentest4j-1.2.0.jar
Downloading from central: https://repo.maven.apache.org/maven2/org/junit/platform/junit-platform-engine/1.9.3/junit-platform-engine-1.9.3.jar
Progress (1): 8.2/103 kBProgress (1): 25/103 kB Progress (1): 41/103 kBProgress (1): 57/103 kBProgress (1): 74/103 kBProgress (1): 90/103 kBProgress (1): 103 kB   Progress (2): 103 kB | 7.7/189 kBProgress (2): 103 kB | 8.2/189 kBProgress (2): 103 kB | 25/189 kB Progress (2): 103 kB | 41/189 kBProgress (2): 103 kB | 57/189 kBProgress (2): 103 kB | 66/189 kBProgress (2): 103 kB | 82/189 kBProgress (2): 103 kB | 98/189 kBProgress (2): 103 kB | 115/189 kBProgress (3): 103 kB | 115/189 kB | 7.7/169 kBProgress (3): 103 kB | 131/189 kB | 7.7/169 kBProgress (3): 103 kB | 131/189 kB | 16/169 kB Progress (3): 103 kB | 147/189 kB | 16/169 kBProgress (3): 103 kB | 164/189 kB | 16/169 kBProgress (3): 103 kB | 180/189 kB | 16/169 kBProgress (3): 103 kB | 180/189 kB | 32/169 kBProgress (3): 103 kB | 189 kB | 32/169 kB    Progress (3): 103 kB | 189 kB | 49/169 kBProgress (3): 103 kB | 189 kB | 57/169 kB                                         Downloaded from central: https://repo.maven.apache.org/maven2/org/junit/platform/junit-platform-commons/1.9.3/junit-platform-commons-1.9.3.jar (103 kB at 3.4 MB/s)
Progress (2): 189 kB | 74/169 kBProgress (2): 189 kB | 82/169 kBProgress (2): 189 kB | 98/169 kBProgress (2): 189 kB | 115/169 kBProgress (2): 189 kB | 131/169 kB                                 Downloaded from central: https://repo.maven.apache.org/maven2/org/junit/platform/junit-platform-engine/1.9.3/junit-platform-engine-1.9.3.jar (189 kB at 5.7 MB/s)
Progress (1): 147/169 kBProgress (1): 164/169 kBProgress (1): 169 kB                        Downloaded from central: https://repo.maven.apache.org/maven2/org/junit/platform/junit-platform-launcher/1.9.3/junit-platform-launcher-1.9.3.jar (169 kB at 4.7 MB/s)
Progress (1): 3.8/18 kBProgress (1): 8.0/18 kBProgress (1): 12/18 kB Progress (1): 16/18 kBProgress (1): 18 kB   Progress (2): 18 kB | 7.7 kB                            Downloaded from central: https://repo.maven.apache.org/maven2/org/opentest4j/opentest4j/1.2.0/opentest4j-1.2.0.jar (7.7 kB at 85 kB/s)
Downloaded from central: https://repo.maven.apache.org/maven2/org/apache/maven/surefire/common-java5/3.2.5/common-java5-3.2.5.jar (18 kB at 195 kB/s)
Downloading from central: https://repo.maven.apache.org/maven2/org/junit/platform/junit-platform-launcher/1.10.2/junit-platform-launcher-1.10.2.pom
Progress (1): 967 BProgress (1): 3.0 kB                    Downloaded from central: https://repo.maven.apache.org/maven2/org/junit/platform/junit-platform-launcher/1.10.2/junit-platform-launcher-1.10.2.pom (3.0 kB at 33 kB/s)
Downloading from central: https://repo.maven.apache.org/maven2/org/junit/platform/junit-platform-launcher/1.10.2/junit-platform-launcher-1.10.2.jar
Progress (1): 7.7/184 kBProgress (1): 16/184 kB Progress (1): 25/184 kBProgress (1): 41/184 kBProgress (1): 57/184 kBProgress (1): 74/184 kBProgress (1): 90/184 kBProgress (1): 106/184 kBProgress (1): 123/184 kBProgress (1): 139/184 kBProgress (1): 156/184 kBProgress (1): 172/184 kBProgress (1): 184 kB                        Downloaded from central: https://repo.maven.apache.org/maven2/org/junit/platform/junit-platform-launcher/1.10.2/junit-platform-launcher-1.10.2.jar (184 kB at 1.5 MB/s)
[INFO] 
[INFO] -------------------------------------------------------
[INFO]  T E S T S
[INFO] -------------------------------------------------------
[INFO] Running com.meli.challenge.repository.InMemoryItemRepositoryTest
[INFO] Tests run: 5, Failures: 0, Errors: 0, Skipped: 0, Time elapsed: 0.085 s -- in com.meli.challenge.repository.InMemoryItemRepositoryTest
[INFO] Running com.meli.challenge.service.ItemServiceImplTest
[INFO] Running com.meli.challenge.service.ItemServiceImplTest$DeleteById
Java HotSpot(TM) 64-Bit Server VM warning: Sharing is only supported for boot loader classes because bootstrap classpath has been appended
WARNING: A Java agent has been loaded dynamically (C:\Users\sebas\.m2\repository\net\bytebuddy\byte-buddy-agent\1.14.12\byte-buddy-agent-1.14.12.jar)
WARNING: If a serviceability tool is in use, please run with -XX:+EnableDynamicAgentLoading to hide this warning
WARNING: If a serviceability tool is not in use, please run with -Djdk.instrument.traceUsage for more information
WARNING: Dynamic loading of agents will be disallowed by default in a future release
19:38:55.582 [main] DEBUG c.m.c.service.ItemServiceImpl - Deleting item with id=MLA123456
[INFO] Tests run: 1, Failures: 0, Errors: 0, Skipped: 0, Time elapsed: 0.664 s -- in com.meli.challenge.service.ItemServiceImplTest$DeleteById
[INFO] Running com.meli.challenge.service.ItemServiceImplTest$FindAll
19:38:55.606 [main] DEBUG c.m.c.service.ItemServiceImpl - Fetching all items
19:38:55.610 [main] DEBUG c.m.c.service.ItemServiceImpl - Fetching all items
[INFO] Tests run: 2, Failures: 0, Errors: 0, Skipped: 0, Time elapsed: 0.011 s -- in com.meli.challenge.service.ItemServiceImplTest$FindAll
[INFO] Running com.meli.challenge.service.ItemServiceImplTest$FindById
19:38:55.616 [main] DEBUG c.m.c.service.ItemServiceImpl - Fetching item with id=MLA123456
19:38:55.617 [main] DEBUG c.m.c.service.ItemServiceImpl - Fetching item with id=UNKNOWN
19:38:55.620 [main] DEBUG c.m.c.service.ItemServiceImpl - Fetching item with id=   
19:38:55.623 [main] DEBUG c.m.c.service.ItemServiceImpl - Fetching item with id=null
[INFO] Tests run: 4, Failures: 0, Errors: 0, Skipped: 0, Time elapsed: 0.011 s -- in com.meli.challenge.service.ItemServiceImplTest$FindById
[INFO] Running com.meli.challenge.service.ItemServiceImplTest$GetAveragePriceByCategory
19:38:55.631 [main] DEBUG c.m.c.service.ItemServiceImpl - Calculating average price for category: Electronics
19:38:55.638 [main] DEBUG c.m.c.service.ItemServiceImpl - Calculating average price for category: Empty
[INFO] Tests run: 2, Failures: 0, Errors: 0, Skipped: 0, Time elapsed: 0.013 s -- in com.meli.challenge.service.ItemServiceImplTest$GetAveragePriceByCategory
[INFO] Running com.meli.challenge.service.ItemServiceImplTest$Save
19:38:55.642 [main] DEBUG c.m.c.service.ItemServiceImpl - Saving item: null
19:38:55.644 [main] DEBUG c.m.c.service.ItemServiceImpl - Saving item: Item(id=MLA123456, title=Notebook Lenovo, category=Electronics, price=999.99, availableQuantity=10)
[INFO] Tests run: 2, Failures: 0, Errors: 0, Skipped: 0, Time elapsed: 0.006 s -- in com.meli.challenge.service.ItemServiceImplTest$Save
[INFO] Tests run: 0, Failures: 0, Errors: 0, Skipped: 0, Time elapsed: 0.721 s -- in com.meli.challenge.service.ItemServiceImplTest
[INFO] Running com.meli.challenge.util.ChallengeUtilsTest
[INFO] Tests run: 6, Failures: 0, Errors: 0, Skipped: 0, Time elapsed: 0.006 s -- in com.meli.challenge.util.ChallengeUtilsTest
[INFO] 
[INFO] Results:
[INFO] 
[INFO] Tests run: 22, Failures: 0, Errors: 0, Skipped: 0
[INFO] 
[INFO] ------------------------------------------------------------------------
[INFO] BUILD SUCCESS
[INFO] ------------------------------------------------------------------------
[INFO] Total time:  9.802 s
[INFO] Finished at: 2026-03-12T19:38:55-05:00
[INFO] ------------------------------------------------------------------------
